gwontaeyun-ui-MacBookPro:github kwontaeyoon$ git init
Reinitialized existing Git repository in /Users/kwontaeyoon/Desktop/github/.git/
gwontaeyun-ui-MacBookPro:github kwontaeyoon$ git config --global user.name Taeyoon_Kwon
gwontaeyun-ui-MacBookPro:github kwontaeyoon$ git config --global user.email kwonconnor101@gmail.com
gwontaeyun-ui-MacBookPro:github kwontaeyoon$ git config --global user.password xogkf8790
gwontaeyun-ui-MacBookPro:github kwontaeyoon$ git config --list
credential.helper=osxkeychain
user.name=Taeyoon_Kwon
user.email=kwonconnor101@gmail.com
user.password=xogkf8790
core.repositoryformatversion=0
core.filemode=true
core.bare=false
core.logallrefupdates=true
core.ignorecase=true
core.precomposeunicode=true
gwontaeyun-ui-MacBookPro:github kwontaeyoon$ git remote add origin https://github.com/Connoriginal/SWdevelopment.git
gwontaeyun-ui-MacBookPro:github kwontaeyoon$ git pull origin master
remote: Enumerating objects: 3, done.
remote: Counting objects: 100% (3/3), done.
remote: Compressing objects: 100% (2/2), done.
remote: Total 3 (delta 0), reused 0 (delta 0), pack-reused 0
Unpacking objects: 100% (3/3), done.
From https://github.com/Connoriginal/SWdevelopment
 * branch            master     -> FETCH_HEAD
 * [new branch]      master     -> origin/master
gwontaeyun-ui-MacBookPro:github kwontaeyoon$ ls
Connoriginal.github.io	README.md
Decision-Helper		oss-dev
DecisionHelper_Webpage	test.md
Problem_Solving
gwontaeyun-ui-MacBookPro:github kwontaeyoon$ git status
On branch master
Untracked files:
  (use "git add <file>..." to include in what will be committed)
	.DS_Store
	Connoriginal.github.io/
	Decision-Helper/
	DecisionHelper_Webpage/
	Problem_Solving/
	oss-dev/
	test.md

nothing added to commit but untracked files present (use "git add" to track)
gwontaeyun-ui-MacBookPro:github kwontaeyoon$ git remote
origin
gwontaeyun-ui-MacBookPro:github kwontaeyoon$ ls
Connoriginal.github.io	README.md
Decision-Helper		oss-dev
DecisionHelper_Webpage	test.md
Problem_Solving
gwontaeyun-ui-MacBookPro:github kwontaeyoon$ git clone https://github.com/Connoriginal/SWdevelopment.git
Cloning into 'SWdevelopment'...
remote: Enumerating objects: 3, done.
remote: Counting objects: 100% (3/3), done.
remote: Compressing objects: 100% (2/2), done.
remote: Total 3 (delta 0), reused 0 (delta 0), pack-reused 0
Unpacking objects: 100% (3/3), done.
gwontaeyun-ui-MacBookPro:github kwontaeyoon$ ls
Connoriginal.github.io	README.md
Decision-Helper		SWdevelopment
DecisionHelper_Webpage	oss-dev
Problem_Solving		test.md
gwontaeyun-ui-MacBookPro:github kwontaeyoon$ rm README.md 
gwontaeyun-ui-MacBookPro:github kwontaeyoon$ git status
On branch master
Changes not staged for commit:
  (use "git add/rm <file>..." to update what will be committed)
  (use "git restore <file>..." to discard changes in working directory)
	deleted:    README.md

Untracked files:
  (use "git add <file>..." to include in what will be committed)
	.DS_Store
	Connoriginal.github.io/
	Decision-Helper/
	DecisionHelper_Webpage/
	Problem_Solving/
	SWdevelopment/
	oss-dev/
	test.md

no changes added to commit (use "git add" and/or "git commit -a")
gwontaeyun-ui-MacBookPro:github kwontaeyoon$ ls
Connoriginal.github.io	SWdevelopment
Decision-Helper		oss-dev
DecisionHelper_Webpage	test.md
Problem_Solving
gwontaeyun-ui-MacBookPro:github kwontaeyoon$ cd SWdevelopment/
gwontaeyun-ui-MacBookPro:SWdevelopment kwontaeyoon$ ls
README.md
gwontaeyun-ui-MacBookPro:SWdevelopment kwontaeyoon$ clear

gwontaeyun-ui-MacBookPro:SWdevelopment kwontaeyoon$ ls
README.md
gwontaeyun-ui-MacBookPro:SWdevelopment kwontaeyoon$ git config --list
credential.helper=osxkeychain
user.name=Taeyoon_Kwon
user.email=kwonconnor101@gmail.com
user.password=xogkf8790
core.repositoryformatversion=0
core.filemode=true
core.bare=false
core.logallrefupdates=true
core.ignorecase=true
core.precomposeunicode=true
remote.origin.url=https://github.com/Connoriginal/SWdevelopment.git
remote.origin.fetch=+refs/heads/*:refs/remotes/origin/*
branch.master.remote=origin
branch.master.merge=refs/heads/master
gwontaeyun-ui-MacBookPro:SWdevelopment kwontaeyoon$ git pull origin
Already up to date.
gwontaeyun-ui-MacBookPro:SWdevelopment kwontaeyoon$ git remote
origin
gwontaeyun-ui-MacBookPro:SWdevelopment kwontaeyoon$ vim hello.txt
gwontaeyun-ui-MacBookPro:SWdevelopment kwontaeyoon$ git status
On branch master
Your branch is up to date with 'origin/master'.

Untracked files:
  (use "git add <file>..." to include in what will be committed)
	hello.txt

nothing added to commit but untracked files present (use "git add" to track)
gwontaeyun-ui-MacBookPro:SWdevelopment kwontaeyoon$ git add hello.txt 
gwontaeyun-ui-MacBookPro:SWdevelopment kwontaeyoon$ git status
On branch master
Your branch is up to date with 'origin/master'.

Changes to be committed:
  (use "git restore --staged <file>..." to unstage)
	new file:   hello.txt

gwontaeyun-ui-MacBookPro:SWdevelopment kwontaeyoon$ git commit
[master f5481b3] comment for commit lab week2
 1 file changed, 1 insertion(+)
 create mode 100644 hello.txt
gwontaeyun-ui-MacBookPro:SWdevelopment kwontaeyoon$ git status
On branch master
Your branch is ahead of 'origin/master' by 1 commit.
  (use "git push" to publish your local commits)

nothing to commit, working tree clean
gwontaeyun-ui-MacBookPro:SWdevelopment kwontaeyoon$ git push origin master
Enumerating objects: 4, done.
Counting objects: 100% (4/4), done.
Delta compression using up to 12 threads
Compressing objects: 100% (2/2), done.
Writing objects: 100% (3/3), 316 bytes | 316.00 KiB/s, done.
Total 3 (delta 0), reused 0 (delta 0)
To https://github.com/Connoriginal/SWdevelopment.git
   45f2877..f5481b3  master -> master
gwontaeyun-ui-MacBookPro:SWdevelopment kwontaeyoon$ git diff
gwontaeyun-ui-MacBookPro:SWdevelopment kwontaeyoon$ git status
On branch master
Your branch is up to date with 'origin/master'.

nothing to commit, working tree clean
gwontaeyun-ui-MacBookPro:SWdevelopment kwontaeyoon$ git rm hello.txt 
rm 'hello.txt'
gwontaeyun-ui-MacBookPro:SWdevelopment kwontaeyoon$ git status
On branch master
Your branch is up to date with 'origin/master'.

Changes to be committed:
  (use "git restore --staged <file>..." to unstage)
	deleted:    hello.txt

gwontaeyun-ui-MacBookPro:SWdevelopment kwontaeyoon$ git commit -a
[master d4b93ce] rm hello.txt
 1 file changed, 1 deletion(-)
 delete mode 100644 hello.txt
gwontaeyun-ui-MacBookPro:SWdevelopment kwontaeyoon$ git push origin master
Enumerating objects: 3, done.
Counting objects: 100% (3/3), done.
Delta compression using up to 12 threads
Compressing objects: 100% (1/1), done.
Writing objects: 100% (2/2), 241 bytes | 241.00 KiB/s, done.
Total 2 (delta 0), reused 0 (delta 0)
To https://github.com/Connoriginal/SWdevelopment.git
   f5481b3..d4b93ce  master -> master
gwontaeyun-ui-MacBookPro:SWdevelopment kwontaeyoon$ git log
commit d4b93ceb71620f81c0563c4fca55ee8bdcada069 (HEAD -> master, origin/master, origin/HEAD)
Author: Taeyoon_Kwon <kwonconnor101@gmail.com>
Date:   Tue Sep 8 16:37:45 2020 +0900

    rm hello.txt

commit f5481b30f3b6dc032bdebbcbd9df9084f2848eeb
Author: Taeyoon_Kwon <kwonconnor101@gmail.com>
Date:   Tue Sep 8 16:31:37 2020 +0900

    comment for commit lab week2

commit 45f2877f207b224d78ca5ad53bdbb73c6a6560c9
Author: Taeyoon Kwon <kwonconnor101@gmail.com>
Date:   Tue Sep 8 16:23:49 2020 +0900

    Initial commit
gwontaeyun-ui-MacBookPro:SWdevelopment kwontaeyoon$ git log --stat
commit d4b93ceb71620f81c0563c4fca55ee8bdcada069 (HEAD -> master, origin/master, origin/HEAD)
Author: Taeyoon_Kwon <kwonconnor101@gmail.com>
Date:   Tue Sep 8 16:37:45 2020 +0900

    rm hello.txt

 hello.txt | 1 -
 1 file changed, 1 deletion(-)

commit f5481b30f3b6dc032bdebbcbd9df9084f2848eeb
Author: Taeyoon_Kwon <kwonconnor101@gmail.com>
Date:   Tue Sep 8 16:31:37 2020 +0900

    comment for commit lab week2

 hello.txt | 1 +
 1 file changed, 1 insertion(+)

commit 45f2877f207b224d78ca5ad53bdbb73c6a6560c9
Author: Taeyoon Kwon <kwonconnor101@gmail.com>
Date:   Tue Sep 8 16:23:49 2020 +0900

    Initial commit

 README.md | 2 ++
 1 file changed, 2 insertions(+)
gwontaeyun-ui-MacBookPro:SWdevelopment kwontaeyoon$ git log --graph
* commit d4b93ceb71620f81c0563c4fca55ee8bdcada069 (HEAD -> master, origin/master, origin/HEAD)
| Author: Taeyoon_Kwon <kwonconnor101@gmail.com>
| Date:   Tue Sep 8 16:37:45 2020 +0900
| 
|     rm hello.txt
| 
* commit f5481b30f3b6dc032bdebbcbd9df9084f2848eeb
| Author: Taeyoon_Kwon <kwonconnor101@gmail.com>
| Date:   Tue Sep 8 16:31:37 2020 +0900
| 
|     comment for commit lab week2
| 
* commit 45f2877f207b224d78ca5ad53bdbb73c6a6560c9
  Author: Taeyoon Kwon <kwonconnor101@gmail.com>
  Date:   Tue Sep 8 16:23:49 2020 +0900
  
      Initial commit
gwontaeyun-ui-MacBookPro:SWdevelopment kwontaeyoon$ git log -p
commit d4b93ceb71620f81c0563c4fca55ee8bdcada069 (HEAD -> master, origin/master, origin/HEAD)
Author: Taeyoon_Kwon <kwonconnor101@gmail.com>
Date:   Tue Sep 8 16:37:45 2020 +0900

    rm hello.txt

diff --git a/hello.txt b/hello.txt
deleted file mode 100644
index c2b7ed3..0000000
--- a/hello.txt
+++ /dev/null
@@ -1 +0,0 @@
-Practice for Lab week2

commit f5481b30f3b6dc032bdebbcbd9df9084f2848eeb
Author: Taeyoon_Kwon <kwonconnor101@gmail.com>
Date:   Tue Sep 8 16:31:37 2020 +0900

    comment for commit lab week2

diff --git a/hello.txt b/hello.txt
new file mode 100644
index 0000000..c2b7ed3
--- /dev/null
+++ b/hello.txt
@@ -0,0 +1 @@
+Practice for Lab week2

commit 45f2877f207b224d78ca5ad53bdbb73c6a6560c9
Author: Taeyoon Kwon <kwonconnor101@gmail.com>
Date:   Tue Sep 8 16:23:49 2020 +0900

    Initial commit

diff --git a/README.md b/README.md
new file mode 100644
index 0000000..b3713b9
--- /dev/null
+++ b/README.md
@@ -0,0 +1,2 @@
+# SWdevelopment
+Software Development Practices(CSE2024)
gwontaeyun-ui-MacBookPro:SWdevelopment kwontaeyoon$ git log commit
fatal: ambiguous argument 'commit': unknown revision or path not in the working tree.
Use '--' to separate paths from revisions, like this:
'git <command> [<revision>...] -- [<file>...]'
gwontaeyun-ui-MacBookPro:SWdevelopment kwontaeyoon$ git help add
gwontaeyun-ui-MacBookPro:SWdevelopment kwontaeyoon$ git help pull
gwontaeyun-ui-MacBookPro:SWdevelopment kwontaeyoon$ ls
README.md
gwontaeyun-ui-MacBookPro:SWdevelopment kwontaeyoon$ git status -s
gwontaeyun-ui-MacBookPro:SWdevelopment kwontaeyoon$ vim exercise(week2).txt
-bash: syntax error near unexpected token `('
gwontaeyun-ui-MacBookPro:SWdevelopment kwontaeyoon$ vim exercise_week2.txt
gwontaeyun-ui-MacBookPro:SWdevelopment kwontaeyoon$ git status
On branch master
Your branch is up to date with 'origin/master'.

Untracked files:
  (use "git add <file>..." to include in what will be committed)
	exercise_week2.txt

nothing added to commit but untracked files present (use "git add" to track)
gwontaeyun-ui-MacBookPro:SWdevelopment kwontaeyoon$ git status -s
?? exercise_week2.txt
gwontaeyun-ui-MacBookPro:SWdevelopment kwontaeyoon$ 
gwontaeyun-ui-MacBookPro:SWdevelopment kwontaeyoon$ 
gwontaeyun-ui-MacBookPro:SWdevelopment kwontaeyoon$ 
